This is pdfTeX, Version 3.141592653-2.6-1.40.27 (TeX Live 2025) (preloaded format=pdflatex 2025.5.8)  29 AUG 2025 10:05
entering extended mode
 restricted \write18 enabled.
 %&-line parsing enabled.
**main.tex
(./main.tex
LaTeX2e <2024-11-01> patch level 2
L3 programming layer <2025-04-14>
(./statsmsc.cls
Document Class: statsmsc 2024/04/18 Thesis template for MSc in Statistics
(/Users/katerynakaplunova/Library/TinyTeX/texmf-dist/tex/latex/koma-script/scrbook.cls
Document Class: scrbook 2025/06/04 v3.45 KOMA-Script document class (book)
(/Users/katerynakaplunova/Library/TinyTeX/texmf-dist/tex/latex/koma-script/scrkbase.sty
Package: scrkbase 2025/06/04 v3.45 KOMA-Script package (KOMA-Script-dependent basics and keyval usage)
 (/Users/katerynakaplunova/Library/TinyTeX/texmf-dist/tex/latex/koma-script/scrbase.sty
Package: scrbase 2025/06/04 v3.45 KOMA-Script package (KOMA-Script-independent basics and keyval usage)
 (/Users/katerynakaplunova/Library/TinyTeX/texmf-dist/tex/latex/koma-script/scrlfile.sty
Package: scrlfile 2025/06/04 v3.45 KOMA-Script package (file load hooks)
 (/Users/katerynakaplunova/Library/TinyTeX/texmf-dist/tex/latex/koma-script/scrlfile-hook.sty
Package: scrlfile-hook 2025/06/04 v3.45 KOMA-Script package (using LaTeX hooks)
 (/Users/katerynakaplunova/Library/TinyTeX/texmf-dist/tex/latex/koma-script/scrlogo.sty
Package: scrlogo 2025/06/04 v3.45 KOMA-Script package (logo)
))) (/Users/katerynakaplunova/Library/TinyTeX/texmf-dist/tex/latex/graphics/keyval.sty
Package: keyval 2022/05/29 v1.15 key=value parser (DPC)
\KV@toks@=\toks17
)
Applying: [2021/05/01] Usage of raw or classic option list on input line 254.
Already applied: [0000/00/00] Usage of raw or classic option list on input line 370.
)) (/Users/katerynakaplunova/Library/TinyTeX/texmf-dist/tex/latex/koma-script/tocbasic.sty
Package: tocbasic 2025/06/04 v3.45 KOMA-Script package (handling toc-files)
\scr@dte@tocline@numberwidth=\skip49
\scr@dte@tocline@numbox=\box53
)
Package tocbasic Info: omitting babel extension for `toc'
(tocbasic)             because of feature `nobabel' available
(tocbasic)             for `toc' on input line 137.
Class scrbook Info: File `scrsize11pt.clo' used to setup font sizes on input line 2700.
 (/Users/katerynakaplunova/Library/TinyTeX/texmf-dist/tex/latex/koma-script/scrsize11pt.clo
File: scrsize11pt.clo 2025/06/04 v3.45 KOMA-Script font size class option (11pt)
) (/Users/katerynakaplunova/Library/TinyTeX/texmf-dist/tex/latex/koma-script/typearea.sty
Package: typearea 2025/06/04 v3.45 KOMA-Script package (type area)
\ta@bcor=\skip50
\ta@div=\count272
\ta@hblk=\skip51
\ta@vblk=\skip52
\ta@temp=\skip53
\footheight=\skip54
Package typearea Info: These are the values describing the layout:
(typearea)             DIV  = 10
(typearea)             BCOR = 0.0pt
(typearea)             \paperwidth      = 597.50793pt
(typearea)              \textwidth      = 418.25555pt
(typearea)              DIV departure   = -6%
(typearea)              \evensidemargin = 17.3562pt
(typearea)              \oddsidemargin  = 17.3562pt
(typearea)             \paperheight     = 845.04694pt
(typearea)              \textheight     = 595.80026pt
(typearea)              \topmargin      = -25.16531pt
(typearea)              \headheight     = 17.0pt
(typearea)              \headsep        = 20.40001pt
(typearea)              \topskip        = 11.0pt
(typearea)              \footskip       = 47.6pt
(typearea)              \baselineskip   = 13.6pt
(typearea)              on input line 1804.
)
\c@part=\count273
\c@chapter=\count274
\c@section=\count275
\c@subsection=\count276
\c@subsubsection=\count277
\c@paragraph=\count278
\c@subparagraph=\count279
\scr@dte@chapter@maxnumwidth=\skip55
Class scrbook Info: using compatibility default `afterindent=bysign'
(scrbook)           for `\chapter on input line 6032.
\scr@dte@section@maxnumwidth=\skip56
Class scrbook Info: using compatibility default `runin=bysign'
(scrbook)           for `\section on input line 6043.
Class scrbook Info: using compatibility default `afterindent=bysign'
(scrbook)           for `\section on input line 6043.
\scr@dte@part@maxnumwidth=\skip57
Class scrbook Info: using compatibility default `afterindent=true'
(scrbook)           for `\part on input line 6052.
\scr@dte@subsection@maxnumwidth=\skip58
Class scrbook Info: using compatibility default `runin=bysign'
(scrbook)           for `\subsection on input line 6062.
Class scrbook Info: using compatibility default `afterindent=bysign'
(scrbook)           for `\subsection on input line 6062.
\scr@dte@subsubsection@maxnumwidth=\skip59
Class scrbook Info: using compatibility default `runin=bysign'
(scrbook)           for `\subsubsection on input line 6072.
Class scrbook Info: using compatibility default `afterindent=bysign'
(scrbook)           for `\subsubsection on input line 6072.
\scr@dte@paragraph@maxnumwidth=\skip60
Class scrbook Info: using compatibility default `runin=bysign'
(scrbook)           for `\paragraph on input line 6083.
Class scrbook Info: using compatibility default `afterindent=bysign'
(scrbook)           for `\paragraph on input line 6083.
\scr@dte@subparagraph@maxnumwidth=\skip61
Class scrbook Info: using compatibility default `runin=bysign'
(scrbook)           for `\subparagraph on input line 6093.
Class scrbook Info: using compatibility default `afterindent=bysign'
(scrbook)           for `\subparagraph on input line 6093.
\abovecaptionskip=\skip62
\belowcaptionskip=\skip63
\c@pti@nb@sid@b@x=\box54
Package tocbasic Info: omitting babel extension for `lof'
(tocbasic)             because of feature `nobabel' available
(tocbasic)             for `lof' on input line 7302.
\scr@dte@figure@maxnumwidth=\skip64
\c@figure=\count280
Package tocbasic Info: omitting babel extension for `lot'
(tocbasic)             because of feature `nobabel' available
(tocbasic)             for `lot' on input line 7319.
\scr@dte@table@maxnumwidth=\skip65
\c@table=\count281
Class scrbook Info: Redefining `\numberline' on input line 7490.
\bibindent=\dimen146
) (/Users/katerynakaplunova/Library/TinyTeX/texmf-dist/tex/latex/koma-script/scrtime.sty
Package: scrtime 2025/06/04 v3.45 KOMA-Script package (time of LaTeX run)
) (/Users/katerynakaplunova/Library/TinyTeX/texmf-dist/tex/latex/setspace/setspace.sty
Package: setspace 2022/12/04 v6.7b set line spacing
) (/Users/katerynakaplunova/Library/TinyTeX/texmf-dist/tex/latex/base/ifthen.sty
Package: ifthen 2024/03/16 v1.1e Standard LaTeX ifthen package (DPC)
)
Package typearea Info: These are the values describing the layout:
(typearea)             DIV  = 10
(typearea)             BCOR = 0.0pt
(typearea)             \paperwidth      = 597.50793pt
(typearea)              \textwidth      = 418.25555pt
(typearea)              DIV departure   = -6%
(typearea)              \evensidemargin = 17.3562pt
(typearea)              \oddsidemargin  = 17.3562pt
(typearea)             \paperheight     = 845.04694pt
(typearea)              \textheight     = 594.44127pt
(typearea)              \topmargin      = -36.38539pt
(typearea)              \headheight     = 22.10004pt
(typearea)              \headsep        = 26.52005pt
(typearea)              \topskip        = 11.0pt
(typearea)              \footskip       = 61.88011pt
(typearea)              \baselineskip   = 17.68004pt
(typearea)              on input line 28.
 (/Users/katerynakaplunova/Library/TinyTeX/texmf-dist/tex/latex/amsmath/amsmath.sty
Package: amsmath 2024/11/05 v2.17t AMS math features
\@mathmargin=\skip66

For additional information on amsmath, use the `?' option.
(/Users/katerynakaplunova/Library/TinyTeX/texmf-dist/tex/latex/amsmath/amstext.sty
Package: amstext 2021/08/26 v2.01 AMS text
 (/Users/katerynakaplunova/Library/TinyTeX/texmf-dist/tex/latex/amsmath/amsgen.sty
File: amsgen.sty 1999/11/30 v2.0 generic functions
\@emptytoks=\toks18
\ex@=\dimen147
)) (/Users/katerynakaplunova/Library/TinyTeX/texmf-dist/tex/latex/amsmath/amsbsy.sty
Package: amsbsy 1999/11/29 v1.2d Bold Symbols
\pmbraise@=\dimen148
) (/Users/katerynakaplunova/Library/TinyTeX/texmf-dist/tex/latex/amsmath/amsopn.sty
Package: amsopn 2022/04/08 v2.04 operator names
)
\inf@bad=\count282
LaTeX Info: Redefining \frac on input line 233.
\uproot@=\count283
\leftroot@=\count284
LaTeX Info: Redefining \overline on input line 398.
LaTeX Info: Redefining \colon on input line 409.
\classnum@=\count285
\DOTSCASE@=\count286
LaTeX Info: Redefining \ldots on input line 495.
LaTeX Info: Redefining \dots on input line 498.
LaTeX Info: Redefining \cdots on input line 619.
\Mathstrutbox@=\box55
\strutbox@=\box56
LaTeX Info: Redefining \big on input line 721.
LaTeX Info: Redefining \Big on input line 722.
LaTeX Info: Redefining \bigg on input line 723.
LaTeX Info: Redefining \Bigg on input line 724.
\big@size=\dimen149
LaTeX Font Info:    Redeclaring font encoding OML on input line 742.
LaTeX Font Info:    Redeclaring font encoding OMS on input line 743.
\macc@depth=\count287
LaTeX Info: Redefining \bmod on input line 904.
LaTeX Info: Redefining \pmod on input line 909.
LaTeX Info: Redefining \smash on input line 939.
LaTeX Info: Redefining \relbar on input line 969.
LaTeX Info: Redefining \Relbar on input line 970.
\c@MaxMatrixCols=\count288
\dotsspace@=\muskip17
\c@parentequation=\count289
\dspbrk@lvl=\count290
\tag@help=\toks19
\row@=\count291
\column@=\count292
\maxfields@=\count293
\andhelp@=\toks20
\eqnshift@=\dimen150
\alignsep@=\dimen151
\tagshift@=\dimen152
\tagwidth@=\dimen153
\totwidth@=\dimen154
\lineht@=\dimen155
\@envbody=\toks21
\multlinegap=\skip67
\multlinetaggap=\skip68
\mathdisplay@stack=\toks22
LaTeX Info: Redefining \[ on input line 2953.
LaTeX Info: Redefining \] on input line 2954.
) (/Users/katerynakaplunova/Library/TinyTeX/texmf-dist/tex/latex/amsfonts/amssymb.sty
Package: amssymb 2013/01/14 v3.01 AMS font symbols
 (/Users/katerynakaplunova/Library/TinyTeX/texmf-dist/tex/latex/amsfonts/amsfonts.sty
Package: amsfonts 2013/01/14 v3.01 Basic AMSFonts support
\symAMSa=\mathgroup4
\symAMSb=\mathgroup5
LaTeX Font Info:    Redeclaring math symbol \hbar on input line 98.
LaTeX Font Info:    Overwriting math alphabet `\mathfrak' in version `bold'
(Font)                  U/euf/m/n --> U/euf/b/n on input line 106.
)) (/Users/katerynakaplunova/Library/TinyTeX/texmf-dist/tex/latex/amscls/amsthm.sty
Package: amsthm 2020/05/29 v2.20.6
\thm@style=\toks23
\thm@bodyfont=\toks24
\thm@headfont=\toks25
\thm@notefont=\toks26
\thm@headpunct=\toks27
\thm@preskip=\skip69
\thm@postskip=\skip70
\thm@headsep=\skip71
\dth@everypar=\toks28
) (/Users/katerynakaplunova/Library/TinyTeX/texmf-dist/tex/latex/xpatch/xpatch.sty (/Users/katerynakaplunova/Library/TinyTeX/texmf-dist/tex/latex/l3kernel/expl3.sty
Package: expl3 2025-04-14 L3 programming layer (loader) 
 (/Users/katerynakaplunova/Library/TinyTeX/texmf-dist/tex/latex/l3backend/l3backend-pdftex.def
File: l3backend-pdftex.def 2025-04-14 L3 backend support: PDF output (pdfTeX)
\l__color_backend_stack_int=\count294
))
Package: xpatch 2020/03/25 v0.3a Extending etoolbox patching commands
 (/Users/katerynakaplunova/Library/TinyTeX/texmf-dist/tex/latex/l3packages/xparse/xparse.sty
Package: xparse 2024-08-16 L3 Experimental document command parser
) (/Users/katerynakaplunova/Library/TinyTeX/texmf-dist/tex/latex/etoolbox/etoolbox.sty
Package: etoolbox 2025/02/11 v2.5l e-TeX tools for LaTeX (JAW)
\etb@tempcnta=\count295
))
Class scrbook Info: amsthm's \deferred@thm@head patched.
 (/Users/katerynakaplunova/Library/TinyTeX/texmf-dist/tex/latex/graphics/graphicx.sty
Package: graphicx 2021/09/16 v1.2d Enhanced LaTeX Graphics (DPC,SPQR)
 (/Users/katerynakaplunova/Library/TinyTeX/texmf-dist/tex/latex/graphics/graphics.sty
Package: graphics 2024/08/06 v1.4g Standard LaTeX Graphics (DPC,SPQR)
 (/Users/katerynakaplunova/Library/TinyTeX/texmf-dist/tex/latex/graphics/trig.sty
Package: trig 2023/12/02 v1.11 sin cos tan (DPC)
) (/Users/katerynakaplunova/Library/TinyTeX/texmf-dist/tex/latex/graphics-cfg/graphics.cfg
File: graphics.cfg 2016/06/04 v1.11 sample graphics configuration
)
Package graphics Info: Driver file: pdftex.def on input line 106.
 (/Users/katerynakaplunova/Library/TinyTeX/texmf-dist/tex/latex/graphics-def/pdftex.def
File: pdftex.def 2024/04/13 v1.2c Graphics/color driver for pdftex
))
\Gin@req@height=\dimen156
\Gin@req@width=\dimen157
) (/Users/katerynakaplunova/Library/TinyTeX/texmf-dist/tex/latex/textpos/textpos.sty
Package: textpos 2022/07/23 v1.10.1
Package textpos Info: choosing support for LaTeX3 on input line 60.
\TP@textbox=\box57
\TP@holdbox=\box58
\TPHorizModule=\dimen158
\TPVertModule=\dimen159
\TP@margin=\dimen160
\TP@absmargin=\dimen161

Grid set 16 x 16 = 37.34424pt x 52.81543pt
\TPboxrulesize=\dimen162
\TP@ox=\dimen163
\TP@oy=\dimen164
\TP@tbargs=\toks29
TextBlockOrigin set to 0pt x 0pt
) (/Users/katerynakaplunova/Library/TinyTeX/texmf-dist/tex/latex/natbib/natbib.sty
Package: natbib 2010/09/13 8.31b (PWD, AO)
\bibhang=\skip72
\bibsep=\skip73
LaTeX Info: Redefining \cite on input line 694.
\c@NAT@ctr=\count296
)
\c@definition=\count297
 (/Users/katerynakaplunova/Library/TinyTeX/texmf-dist/tex/latex/koma-script/scrlayer-scrpage.sty
Package: scrlayer-scrpage 2025/06/04 v3.45 KOMA-Script package (end user interface for scrlayer)
 (/Users/katerynakaplunova/Library/TinyTeX/texmf-dist/tex/latex/koma-script/scrlayer.sty
Package: scrlayer 2025/06/04 v3.45 KOMA-Script package (defining layers and page styles)
Package scrlayer Info: patching LaTeX kernel macro \pagestyle on input line 2179.
)
Package scrlayer-scrpage Info: Makeing stand-alone element `pagehead' from
(scrlayer-scrpage)             alias to `pageheadfoot' on input line 1106.
)) (/Users/katerynakaplunova/Library/TinyTeX/texmf-dist/tex/latex/xcolor/xcolor.sty
Package: xcolor 2024/09/29 v3.02 LaTeX color extensions (UK)
 (/Users/katerynakaplunova/Library/TinyTeX/texmf-dist/tex/latex/graphics-cfg/color.cfg
File: color.cfg 2016/01/02 v1.6 sample color configuration
)
Package xcolor Info: Driver file: pdftex.def on input line 274.
 (/Users/katerynakaplunova/Library/TinyTeX/texmf-dist/tex/latex/graphics/mathcolor.ltx)
Package xcolor Info: Model `cmy' substituted by `cmy0' on input line 1349.
Package xcolor Info: Model `hsb' substituted by `rgb' on input line 1353.
Package xcolor Info: Model `RGB' extended on input line 1365.
Package xcolor Info: Model `HTML' substituted by `rgb' on input line 1367.
Package xcolor Info: Model `Hsb' substituted by `hsb' on input line 1368.
Package xcolor Info: Model `tHsb' substituted by `hsb' on input line 1369.
Package xcolor Info: Model `HSB' substituted by `hsb' on input line 1370.
Package xcolor Info: Model `Gray' substituted by `gray' on input line 1371.
Package xcolor Info: Model `wave' substituted by `hsb' on input line 1372.
) (/Users/katerynakaplunova/Library/TinyTeX/texmf-dist/tex/latex/hyperref/hyperref.sty
Package: hyperref 2024-11-05 v7.01l Hypertext links for LaTeX
 (/Users/katerynakaplunova/Library/TinyTeX/texmf-dist/tex/generic/iftex/iftex.sty
Package: iftex 2024/12/12 v1.0g TeX engine tests
) (/Users/katerynakaplunova/Library/TinyTeX/texmf-dist/tex/latex/kvsetkeys/kvsetkeys.sty
Package: kvsetkeys 2022-10-05 v1.19 Key value parser (HO)
) (/Users/katerynakaplunova/Library/TinyTeX/texmf-dist/tex/generic/kvdefinekeys/kvdefinekeys.sty
Package: kvdefinekeys 2019-12-19 v1.6 Define keys (HO)
) (/Users/katerynakaplunova/Library/TinyTeX/texmf-dist/tex/generic/pdfescape/pdfescape.sty
Package: pdfescape 2019/12/09 v1.15 Implements pdfTeX's escape features (HO)
 (/Users/katerynakaplunova/Library/TinyTeX/texmf-dist/tex/generic/ltxcmds/ltxcmds.sty
Package: ltxcmds 2023-12-04 v1.26 LaTeX kernel commands for general use (HO)
) (/Users/katerynakaplunova/Library/TinyTeX/texmf-dist/tex/generic/pdftexcmds/pdftexcmds.sty
Package: pdftexcmds 2020-06-27 v0.33 Utility functions of pdfTeX for LuaTeX (HO)
 (/Users/katerynakaplunova/Library/TinyTeX/texmf-dist/tex/generic/infwarerr/infwarerr.sty
Package: infwarerr 2019/12/03 v1.5 Providing info/warning/error messages (HO)
)
Package pdftexcmds Info: \pdf@primitive is available.
Package pdftexcmds Info: \pdf@ifprimitive is available.
Package pdftexcmds Info: \pdfdraftmode found.
)) (/Users/katerynakaplunova/Library/TinyTeX/texmf-dist/tex/latex/hycolor/hycolor.sty
Package: hycolor 2020-01-27 v1.10 Color options for hyperref/bookmark (HO)
) (/Users/katerynakaplunova/Library/TinyTeX/texmf-dist/tex/latex/hyperref/nameref.sty
Package: nameref 2023-11-26 v2.56 Cross-referencing by name of section
 (/Users/katerynakaplunova/Library/TinyTeX/texmf-dist/tex/latex/refcount/refcount.sty
Package: refcount 2019/12/15 v3.6 Data extraction from label references (HO)
) (/Users/katerynakaplunova/Library/TinyTeX/texmf-dist/tex/generic/gettitlestring/gettitlestring.sty
Package: gettitlestring 2019/12/15 v1.6 Cleanup title references (HO)
 (/Users/katerynakaplunova/Library/TinyTeX/texmf-dist/tex/latex/kvoptions/kvoptions.sty
Package: kvoptions 2022-06-15 v3.15 Key value format for package options (HO)
))
\c@section@level=\count298
) (/Users/katerynakaplunova/Library/TinyTeX/texmf-dist/tex/generic/stringenc/stringenc.sty
Package: stringenc 2019/11/29 v1.12 Convert strings between diff. encodings (HO)
)
\@linkdim=\dimen165
\Hy@linkcounter=\count299
\Hy@pagecounter=\count300
 (/Users/katerynakaplunova/Library/TinyTeX/texmf-dist/tex/latex/hyperref/pd1enc.def
File: pd1enc.def 2024-11-05 v7.01l Hyperref: PDFDocEncoding definition (HO)
Now handling font encoding PD1 ...
... no UTF-8 mapping file for font encoding PD1
) (/Users/katerynakaplunova/Library/TinyTeX/texmf-dist/tex/generic/intcalc/intcalc.sty
Package: intcalc 2019/12/15 v1.3 Expandable calculations with integers (HO)
)
\Hy@SavedSpaceFactor=\count301
 (/Users/katerynakaplunova/Library/TinyTeX/texmf-dist/tex/latex/hyperref/puenc.def
File: puenc.def 2024-11-05 v7.01l Hyperref: PDF Unicode definition (HO)
Now handling font encoding PU ...
... no UTF-8 mapping file for font encoding PU
)
Package hyperref Info: Hyper figures OFF on input line 4157.
Package hyperref Info: Link nesting OFF on input line 4162.
Package hyperref Info: Hyper index ON on input line 4165.
Package hyperref Info: Plain pages OFF on input line 4172.
Package hyperref Info: Backreferencing OFF on input line 4177.
Package hyperref Info: Implicit mode ON; LaTeX internals redefined.
Package hyperref Info: Bookmarks ON on input line 4424.
\c@Hy@tempcnt=\count302
 (/Users/katerynakaplunova/Library/TinyTeX/texmf-dist/tex/latex/url/url.sty
\Urlmuskip=\muskip18
Package: url 2013/09/16  ver 3.4  Verb mode for urls, etc.
)
LaTeX Info: Redefining \url on input line 4763.
\XeTeXLinkMargin=\dimen166
 (/Users/katerynakaplunova/Library/TinyTeX/texmf-dist/tex/generic/bitset/bitset.sty
Package: bitset 2019/12/09 v1.3 Handle bit-vector datatype (HO)
 (/Users/katerynakaplunova/Library/TinyTeX/texmf-dist/tex/generic/bigintcalc/bigintcalc.sty
Package: bigintcalc 2019/12/15 v1.5 Expandable calculations on big integers (HO)
))
\Fld@menulength=\count303
\Field@Width=\dimen167
\Fld@charsize=\dimen168
Package hyperref Info: Hyper figures OFF on input line 6042.
Package hyperref Info: Link nesting OFF on input line 6047.
Package hyperref Info: Hyper index ON on input line 6050.
Package hyperref Info: backreferencing OFF on input line 6057.
Package hyperref Info: Link coloring OFF on input line 6062.
Package hyperref Info: Link coloring with OCG OFF on input line 6067.
Package hyperref Info: PDF/A mode OFF on input line 6072.
 (/Users/katerynakaplunova/Library/TinyTeX/texmf-dist/tex/latex/base/atbegshi-ltx.sty
Package: atbegshi-ltx 2021/01/10 v1.0c Emulation of the original atbegshi
package with kernel methods
)
\Hy@abspage=\count304
\c@Item=\count305
\c@Hfootnote=\count306
)
Package hyperref Info: Driver (autodetected): hpdftex.
 (/Users/katerynakaplunova/Library/TinyTeX/texmf-dist/tex/latex/hyperref/hpdftex.def
File: hpdftex.def 2024-11-05 v7.01l Hyperref driver for pdfTeX
 (/Users/katerynakaplunova/Library/TinyTeX/texmf-dist/tex/latex/base/atveryend-ltx.sty
Package: atveryend-ltx 2020/08/19 v1.0a Emulation of the original atveryend package
with kernel methods
)
\Fld@listcount=\count307
\c@bookmark@seq@number=\count308
 (/Users/katerynakaplunova/Library/TinyTeX/texmf-dist/tex/latex/rerunfilecheck/rerunfilecheck.sty
Package: rerunfilecheck 2022-07-10 v1.10 Rerun checks for auxiliary files (HO)
 (/Users/katerynakaplunova/Library/TinyTeX/texmf-dist/tex/generic/uniquecounter/uniquecounter.sty
Package: uniquecounter 2019/12/15 v1.4 Provide unlimited unique counter (HO)
)
Package uniquecounter Info: New unique counter `rerunfilecheck' on input line 285.
)
\Hy@SectionHShift=\skip74
)
Package hyperref Info: Option `colorlinks' set `true' on input line 27.
 (/Users/katerynakaplunova/Library/TinyTeX/texmf-dist/tex/latex/geometry/geometry.sty
Package: geometry 2020/01/02 v5.9 Page Geometry
 (/Users/katerynakaplunova/Library/TinyTeX/texmf-dist/tex/generic/iftex/ifvtex.sty
Package: ifvtex 2019/10/25 v1.7 ifvtex legacy package. Use iftex instead.
)
\Gm@cnth=\count309
\Gm@cntv=\count310
\c@Gm@tempcnt=\count311
\Gm@bindingoffset=\dimen169
\Gm@wd@mp=\dimen170
\Gm@odd@mp=\dimen171
\Gm@even@mp=\dimen172
\Gm@layoutwidth=\dimen173
\Gm@layoutheight=\dimen174
\Gm@layouthoffset=\dimen175
\Gm@layoutvoffset=\dimen176
\Gm@dimlist=\toks30
)
Class scrbook Info: loading recommended package `bookmark'.
(scrbook)           Using `bookmark' together with `hyperref' is recommended,
(scrbook)           because of handling of possible bookmark level gaps.
(scrbook)           You can avoid loading `bookmark' with KOMA-Script option
(scrbook)           `bookmarkpackage=false' before \begin{document} and
(scrbook)           you can avoid this message adding:
(scrbook)             \usepackage{bookmark}
(scrbook)           before \begin{document} on input line 34.
 (/Users/katerynakaplunova/Library/TinyTeX/texmf-dist/tex/latex/bookmark/bookmark.sty
Package: bookmark 2023-12-10 v1.31 PDF bookmarks (HO)
 (/Users/katerynakaplunova/Library/TinyTeX/texmf-dist/tex/latex/bookmark/bkm-pdftex.def
File: bkm-pdftex.def 2023-12-10 v1.31 bookmark driver for pdfTeX and luaTeX (HO)
\BKM@id=\count312
)) (./main.aux (./supplementary.aux))
\openout1 = `main.aux'.

LaTeX Font Info:    Checking defaults for OML/cmm/m/it on input line 34.
LaTeX Font Info:    ... okay on input line 34.
LaTeX Font Info:    Checking defaults for OMS/cmsy/m/n on input line 34.
LaTeX Font Info:    ... okay on input line 34.
LaTeX Font Info:    Checking defaults for OT1/cmr/m/n on input line 34.
LaTeX Font Info:    ... okay on input line 34.
LaTeX Font Info:    Checking defaults for T1/cmr/m/n on input line 34.
LaTeX Font Info:    ... okay on input line 34.
LaTeX Font Info:    Checking defaults for TS1/cmr/m/n on input line 34.
LaTeX Font Info:    ... okay on input line 34.
LaTeX Font Info:    Checking defaults for OMX/cmex/m/n on input line 34.
LaTeX Font Info:    ... okay on input line 34.
LaTeX Font Info:    Checking defaults for U/cmr/m/n on input line 34.
LaTeX Font Info:    ... okay on input line 34.
LaTeX Font Info:    Checking defaults for PD1/pdf/m/n on input line 34.
LaTeX Font Info:    ... okay on input line 34.
LaTeX Font Info:    Checking defaults for PU/pdf/m/n on input line 34.
LaTeX Font Info:    ... okay on input line 34.
Package scrbase Info: activating english \partname on input line 34.
Package scrbase Info: activating english \chaptername on input line 34.
Package scrbase Info: activating english \appendixname on input line 34.
Package scrbase Info: activating english \figurename on input line 34.
Package scrbase Info: activating english \tablename on input line 34.
Package scrbase Info: activating english \contentsname on input line 34.
Package scrbase Info: activating english \listfigurename on input line 34.
Package scrbase Info: activating english \listtablename on input line 34.
Package scrbase Info: activating english \bibname on input line 34.
Package scrbase Info: activating english \indexname on input line 34.
 (/Users/katerynakaplunova/Library/TinyTeX/texmf-dist/tex/latex/epstopdf-pkg/epstopdf-base.sty
Package: epstopdf-base 2020-01-24 v2.11 Base part for package epstopdf
Package epstopdf-base Info: Redefining graphics rule for `.eps' on input line 485.
 (/Users/katerynakaplunova/Library/TinyTeX/texmf-dist/tex/latex/latexconfig/epstopdf-sys.cfg
File: epstopdf-sys.cfg 2010/07/13 v1.3 Configuration of (r)epstopdf for TeX Live
))
Package hyperref Info: Link coloring ON on input line 34.

*geometry* driver: auto-detecting
*geometry* detected driver: pdftex
*geometry* verbose mode - [ preamble ] result:
* driver: pdftex
* paper: <default>
* layout: <same size as paper>
* layoutoffset:(h,v)=(0.0pt,0.0pt)
* modes: 
* h-part:(L,W,R)=(89.6271pt, 418.25372pt, 89.6271pt)
* v-part:(T,H,B)=(101.40665pt, 629.82927pt, 113.81102pt)
* \paperwidth=597.50793pt
* \paperheight=845.04694pt
* \textwidth=418.25372pt
* \textheight=629.82927pt
* \oddsidemargin=17.35712pt
* \evensidemargin=17.35712pt
* \topmargin=-19.48343pt
* \headheight=22.10004pt
* \headsep=26.52005pt
* \topskip=11.0pt
* \footskip=61.88011pt
* \marginparwidth=59.7508pt
* \marginparsep=12.8401pt
* \columnsep=10.0pt
* \skip\footins=10.0pt plus 4.0pt minus 2.0pt
* \hoffset=0.0pt
* \voffset=0.0pt
* \mag=1000
* \@twocolumnfalse
* \@twosidefalse
* \@mparswitchfalse
* \@reversemarginfalse
* (1in=72.27pt=25.4mm, 1cm=28.453pt)

<imperial_logo.pdf, id=4, 1553.805pt x 170.5572pt>
File: imperial_logo.pdf Graphic file (type pdf)
<use imperial_logo.pdf>
Package pdftex.def Info: imperial_logo.pdf  used on input line 38.
(pdftex.def)             Requested size: 199.16928pt x 21.8609pt.


[1




{/Users/katerynakaplunova/Library/TinyTeX/texmf-var/fonts/map/pdftex/updmap/pdftex.map} <./imperial_logo.pdf>]

LaTeX Font Info:    Trying to load font information for U+msa on input line 44.
(/Users/katerynakaplunova/Library/TinyTeX/texmf-dist/tex/latex/amsfonts/umsa.fd
File: umsa.fd 2013/01/14 v3.01 AMS symbols A
)
LaTeX Font Info:    Trying to load font information for U+msb on input line 44.
 (/Users/katerynakaplunova/Library/TinyTeX/texmf-dist/tex/latex/amsfonts/umsb.fd
File: umsb.fd 2013/01/14 v3.01 AMS symbols B
)
pdfTeX warning (ext4): destination with the same identifier (name{page.i}) has been already used, duplicate ignored
<to be read again> 
                   \relax 
l.44 \begin{acknowledgements}
                              [1]

[2


]

[1

]

[2]

[3]

[4]

[5]
Overfull \hbox (19.5794pt too wide) in paragraph at lines 229--234
[]\OT1/cmr/m/n/10.95 Within anomaly de-tec-tion, EVT is nat-u-rally suited to iden-ti-fy-ing \OT1/cmr/m/it/10.95 tail anoma-lies\OT1/cmr/m/n/10.95 --observations
 []



[6]
<../output/others/evt_tail_anomaly.png, id=128, 433.62pt x 231.264pt>
File: ../output/others/evt_tail_anomaly.png Graphic file (type png)
<use ../output/others/evt_tail_anomaly.png>
Package pdftex.def Info: ../output/others/evt_tail_anomaly.png  used on input line 244.
(pdftex.def)             Requested size: 200.76pt x 107.07083pt.
<../output/others/evt_bulk_anomaly.png, id=130, 433.62pt x 231.264pt>
File: ../output/others/evt_bulk_anomaly.png Graphic file (type png)
<use ../output/others/evt_bulk_anomaly.png>
Package pdftex.def Info: ../output/others/evt_bulk_anomaly.png  used on input line 249.
(pdftex.def)             Requested size: 200.76pt x 107.07083pt.


[7 <../output/others/evt_tail_anomaly.png> <../output/others/evt_bulk_anomaly.png>]
Overfull \hbox (11.82208pt too wide) in paragraph at lines 295--304
\OT1/cmr/m/n/10.95 which in-volves mod-elling the dis-tri-bu-tion of thresh-old ex-ceedances us-ing the GPD ([][]Balkema
 []



[8]

[9]

[10]

[11]

[12]

[13]

[14]

[15]

[16]

[17]

[18]
<../output/cpu/cpu_raw_seris.png, id=352, 714.7503pt x 209.3421pt>
File: ../output/cpu/cpu_raw_seris.png Graphic file (type png)
<use ../output/cpu/cpu_raw_seris.png>
Package pdftex.def Info: ../output/cpu/cpu_raw_seris.png  used on input line 705.
(pdftex.def)             Requested size: 418.25372pt x 122.50456pt.
<../output/realTweets/realTweets_raw_seris.png, id=353, 714.7503pt x 209.3421pt>
File: ../output/realTweets/realTweets_raw_seris.png Graphic file (type png)
<use ../output/realTweets/realTweets_raw_seris.png>
Package pdftex.def Info: ../output/realTweets/realTweets_raw_seris.png  used on input line 706.
(pdftex.def)             Requested size: 418.25372pt x 122.50456pt.
<../output/occupancy/occupancy_raw_seris.png, id=354, 713.7867pt x 209.3421pt>
File: ../output/occupancy/occupancy_raw_seris.png Graphic file (type png)
<use ../output/occupancy/occupancy_raw_seris.png>
Package pdftex.def Info: ../output/occupancy/occupancy_raw_seris.png  used on input line 707.
(pdftex.def)             Requested size: 418.25372pt x 122.66747pt.


[19]

[20 <../output/cpu/cpu_raw_seris.png> <../output/realTweets/realTweets_raw_seris.png> <../output/occupancy/occupancy_raw_seris.png>]

[21]

[22]
<../output/cpu/evt_raw_diagnostics_cpu.png, id=388, 1447.809pt x 379.1766pt>
File: ../output/cpu/evt_raw_diagnostics_cpu.png Graphic file (type png)
<use ../output/cpu/evt_raw_diagnostics_cpu.png>
Package pdftex.def Info: ../output/cpu/evt_raw_diagnostics_cpu.png  used on input line 810.
(pdftex.def)             Requested size: 418.25372pt x 109.53603pt.
<../output/cpu/evt_ma_diagnostics_cpu.png, id=389, 1449.0135pt x 379.1766pt>
File: ../output/cpu/evt_ma_diagnostics_cpu.png Graphic file (type png)
<use ../output/cpu/evt_ma_diagnostics_cpu.png>
Package pdftex.def Info: ../output/cpu/evt_ma_diagnostics_cpu.png  used on input line 811.
(pdftex.def)             Requested size: 418.25372pt x 109.44347pt.
<../output/cpu/evt_prep_diagnostics_cpu.png, id=390, 1449.0135pt x 379.1766pt>
File: ../output/cpu/evt_prep_diagnostics_cpu.png Graphic file (type png)
<use ../output/cpu/evt_prep_diagnostics_cpu.png>
Package pdftex.def Info: ../output/cpu/evt_prep_diagnostics_cpu.png  used on input line 812.
(pdftex.def)             Requested size: 418.25372pt x 109.44347pt.


[23]
<../output/realTweets/evt_raw_diagnostics_realTweets.png, id=397, 1455.036pt x 378.9357pt>
File: ../output/realTweets/evt_raw_diagnostics_realTweets.png Graphic file (type png)
<use ../output/realTweets/evt_raw_diagnostics_realTweets.png>
Package pdftex.def Info: ../output/realTweets/evt_raw_diagnostics_realTweets.png  used on input line 835.
(pdftex.def)             Requested size: 418.25372pt x 108.92293pt.
<../output/realTweets/evt_ma_diagnostics_realTweets.png, id=398, 1454.0724pt x 378.9357pt>
File: ../output/realTweets/evt_ma_diagnostics_realTweets.png Graphic file (type png)
<use ../output/realTweets/evt_ma_diagnostics_realTweets.png>
Package pdftex.def Info: ../output/realTweets/evt_ma_diagnostics_realTweets.png  used on input line 836.
(pdftex.def)             Requested size: 418.25372pt x 108.9981pt.
<../output/realTweets/evt_prep_diagnostics_realTweets.png, id=399, 1448.5317pt x 378.9357pt>
File: ../output/realTweets/evt_prep_diagnostics_realTweets.png Graphic file (type png)
<use ../output/realTweets/evt_prep_diagnostics_realTweets.png>
Package pdftex.def Info: ../output/realTweets/evt_prep_diagnostics_realTweets.png  used on input line 837.
(pdftex.def)             Requested size: 418.25372pt x 109.4144pt.


[24 <../output/cpu/evt_raw_diagnostics_cpu.png> <../output/cpu/evt_ma_diagnostics_cpu.png> <../output/cpu/evt_prep_diagnostics_cpu.png>]
<../output/occupancy/evt_raw_diagnostics_occupancy.png, id=409, 1449.0135pt x 379.1766pt>
File: ../output/occupancy/evt_raw_diagnostics_occupancy.png Graphic file (type png)
<use ../output/occupancy/evt_raw_diagnostics_occupancy.png>
Package pdftex.def Info: ../output/occupancy/evt_raw_diagnostics_occupancy.png  used on input line 858.
(pdftex.def)             Requested size: 418.25372pt x 109.44347pt.
<../output/occupancy/evt_ma_diagnostics_occupancy.png, id=410, 1449.0135pt x 379.1766pt>
File: ../output/occupancy/evt_ma_diagnostics_occupancy.png Graphic file (type png)
<use ../output/occupancy/evt_ma_diagnostics_occupancy.png>
Package pdftex.def Info: ../output/occupancy/evt_ma_diagnostics_occupancy.png  used on input line 859.
(pdftex.def)             Requested size: 418.25372pt x 109.44347pt.
<../output/occupancy/evt_prep_diagnostics_occupancy.png, id=411, 1449.0135pt x 379.1766pt>
File: ../output/occupancy/evt_prep_diagnostics_occupancy.png Graphic file (type png)
<use ../output/occupancy/evt_prep_diagnostics_occupancy.png>
Package pdftex.def Info: ../output/occupancy/evt_prep_diagnostics_occupancy.png  used on input line 860.
(pdftex.def)             Requested size: 418.25372pt x 109.44347pt.


[25 <../output/realTweets/evt_raw_diagnostics_realTweets.png> <../output/realTweets/evt_ma_diagnostics_realTweets.png> <../output/realTweets/evt_prep_diagnostics_realTweets.png>]

[26 <../output/occupancy/evt_raw_diagnostics_occupancy.png> <../output/occupancy/evt_ma_diagnostics_occupancy.png> <../output/occupancy/evt_prep_diagnostics_occupancy.png>]
<../output/cpu/original_dspot_cpu.png, id=435, 578.16pt x 361.35pt>
File: ../output/cpu/original_dspot_cpu.png Graphic file (type png)
<use ../output/cpu/original_dspot_cpu.png>
Package pdftex.def Info: ../output/cpu/original_dspot_cpu.png  used on input line 900.
(pdftex.def)             Requested size: 200.76pt x 125.47089pt.
<../output/cpu/preprocessed_spot_cpu.png, id=436, 578.16pt x 361.35pt>
File: ../output/cpu/preprocessed_spot_cpu.png Graphic file (type png)
<use ../output/cpu/preprocessed_spot_cpu.png>
Package pdftex.def Info: ../output/cpu/preprocessed_spot_cpu.png  used on input line 902.
(pdftex.def)             Requested size: 200.76pt x 125.47089pt.
<../output/cpu/optimal_threshold_dspot_cpu.png, id=437, 578.16pt x 361.35pt>
File: ../output/cpu/optimal_threshold_dspot_cpu.png Graphic file (type png)
<use ../output/cpu/optimal_threshold_dspot_cpu.png>
Package pdftex.def Info: ../output/cpu/optimal_threshold_dspot_cpu.png  used on input line 906.
(pdftex.def)             Requested size: 200.76pt x 125.47089pt.
<../output/cpu/optimal_threshold_preprocessed_spot_cpu.png, id=438, 578.16pt x 361.35pt>
File: ../output/cpu/optimal_threshold_preprocessed_spot_cpu.png Graphic file (type png)
<use ../output/cpu/optimal_threshold_preprocessed_spot_cpu.png>
Package pdftex.def Info: ../output/cpu/optimal_threshold_preprocessed_spot_cpu.png  used on input line 908.
(pdftex.def)             Requested size: 200.76pt x 125.47089pt.


[27]
Overfull \hbox (57.7539pt too wide) in paragraph at lines 956--978
 [][] 
 []

<../output/realTweets/original_dspot_realTweets.png, id=455, 578.16pt x 361.35pt>
File: ../output/realTweets/original_dspot_realTweets.png Graphic file (type png)
<use ../output/realTweets/original_dspot_realTweets.png>
Package pdftex.def Info: ../output/realTweets/original_dspot_realTweets.png  used on input line 986.
(pdftex.def)             Requested size: 200.76pt x 125.47089pt.
<../output/realTweets/preprocessed_spot_realTweets.png, id=456, 578.16pt x 361.35pt>
File: ../output/realTweets/preprocessed_spot_realTweets.png Graphic file (type png)
<use ../output/realTweets/preprocessed_spot_realTweets.png>
Package pdftex.def Info: ../output/realTweets/preprocessed_spot_realTweets.png  used on input line 988.
(pdftex.def)             Requested size: 200.76pt x 125.47089pt.
<../output/realTweets/optimal_threshold_dspot_realTweets.png, id=457, 578.16pt x 361.35pt>
File: ../output/realTweets/optimal_threshold_dspot_realTweets.png Graphic file (type png)
<use ../output/realTweets/optimal_threshold_dspot_realTweets.png>
Package pdftex.def Info: ../output/realTweets/optimal_threshold_dspot_realTweets.png  used on input line 992.
(pdftex.def)             Requested size: 200.76pt x 125.47089pt.
<../output/realTweets/optimal_threshold_preprocessed_spot_realTweets.png, id=458, 602.7318pt x 369.5406pt>
File: ../output/realTweets/optimal_threshold_preprocessed_spot_realTweets.png Graphic file (type png)
<use ../output/realTweets/optimal_threshold_preprocessed_spot_realTweets.png>
Package pdftex.def Info: ../output/realTweets/optimal_threshold_preprocessed_spot_realTweets.png  used on input line 994.
(pdftex.def)             Requested size: 200.76pt x 123.08778pt.


[28 <../output/cpu/original_dspot_cpu.png> <../output/cpu/preprocessed_spot_cpu.png> <../output/cpu/optimal_threshold_dspot_cpu.png> <../output/cpu/optimal_threshold_preprocessed_spot_cpu.png>]
<../output/occupancy/original_dspot_occupancy.png, id=473, 578.16pt x 361.35pt>
File: ../output/occupancy/original_dspot_occupancy.png Graphic file (type png)
<use ../output/occupancy/original_dspot_occupancy.png>
Package pdftex.def Info: ../output/occupancy/original_dspot_occupancy.png  used on input line 1070.
(pdftex.def)             Requested size: 200.76pt x 125.47089pt.
<../output/occupancy/preprocessed_spot_occupancy.png, id=474, 578.16pt x 361.35pt>
File: ../output/occupancy/preprocessed_spot_occupancy.png Graphic file (type png)
<use ../output/occupancy/preprocessed_spot_occupancy.png>
Package pdftex.def Info: ../output/occupancy/preprocessed_spot_occupancy.png  used on input line 1072.
(pdftex.def)             Requested size: 200.76pt x 125.47089pt.
<../output/occupancy/optimal_threshold_dspot_occupancy.png, id=475, 578.16pt x 361.35pt>
File: ../output/occupancy/optimal_threshold_dspot_occupancy.png Graphic file (type png)
<use ../output/occupancy/optimal_threshold_dspot_occupancy.png>
Package pdftex.def Info: ../output/occupancy/optimal_threshold_dspot_occupancy.png  used on input line 1076.
(pdftex.def)             Requested size: 200.76pt x 125.47089pt.
<../output/occupancy/optimal_threshold_preprocessed_spot_occupancy.png, id=476, 578.16pt x 361.35pt>
File: ../output/occupancy/optimal_threshold_preprocessed_spot_occupancy.png Graphic file (type png)
<use ../output/occupancy/optimal_threshold_preprocessed_spot_occupancy.png>
Package pdftex.def Info: ../output/occupancy/optimal_threshold_preprocessed_spot_occupancy.png  used on input line 1078.
(pdftex.def)             Requested size: 200.76pt x 125.47089pt.


[29]

[30 <../output/realTweets/original_dspot_realTweets.png> <../output/realTweets/preprocessed_spot_realTweets.png> <../output/realTweets/optimal_threshold_dspot_realTweets.png> <../output/realTweets/optimal_threshold_preprocessed_spot_realTweets.png>]

[31]

[32 <../output/occupancy/original_dspot_occupancy.png> <../output/occupancy/preprocessed_spot_occupancy.png> <../output/occupancy/optimal_threshold_dspot_occupancy.png> <../output/occupancy/optimal_threshold_preprocessed_spot_occupancy.png>]

[33]

[34]

[35] (./main.bbl

[1

]

[2])

[3]
\openout2 = `supplementary.aux'.

 (./supplementary.tex)

[1


] (./main.aux (./supplementary.aux))
 ***********
LaTeX2e <2024-11-01> patch level 2
L3 programming layer <2020/03/25>
 ***********
 ) 
Here is how much of TeX's memory you used:
 16543 strings out of 471589
 322418 string characters out of 5519122
 871432 words of memory out of 5000000
 42783 multiletter control sequences out of 15000+600000
 637602 words of font info for 80 fonts, out of 8000000 for 9000
 14 hyphenation exceptions out of 8191
 122i,20n,121p,10933b,637s stack positions out of 10000i,1000n,20000p,200000b,200000s
 </Users/katerynakaplunova/Library/TinyTeX/texmf-var/fonts/pk/ljfour/jknappen/ec/tcrm1095.600pk></Users/katerynakaplunova/Library/TinyTeX/texmf-dist/fonts/type1/public/amsfonts/cm/cmbx10.pfb></Users/katerynakaplunova/Library/TinyTeX/texmf-dist/fonts/type1/public/amsfonts/cm/cmbx12.pfb></Users/katerynakaplunova/Library/TinyTeX/texmf-dist/fonts/type1/public/amsfonts/cm/cmex10.pfb></Users/katerynakaplunova/Library/TinyTeX/texmf-dist/fonts/type1/public/amsfonts/cm/cmmi10.pfb></Users/katerynakaplunova/Library/TinyTeX/texmf-dist/fonts/type1/public/amsfonts/cm/cmmi6.pfb></Users/katerynakaplunova/Library/TinyTeX/texmf-dist/fonts/type1/public/amsfonts/cm/cmmi8.pfb></Users/katerynakaplunova/Library/TinyTeX/texmf-dist/fonts/type1/public/amsfonts/cm/cmr10.pfb></Users/katerynakaplunova/Library/TinyTeX/texmf-dist/fonts/type1/public/amsfonts/cm/cmr12.pfb></Users/katerynakaplunova/Library/TinyTeX/texmf-dist/fonts/type1/public/amsfonts/cm/cmr6.pfb></Users/katerynakaplunova/Library/TinyTeX/texmf-dist/fonts/type1/public/amsfonts/cm/cmr8.pfb></Users/katerynakaplunova/Library/TinyTeX/texmf-dist/fonts/type1/public/amsfonts/cm/cmr9.pfb></Users/katerynakaplunova/Library/TinyTeX/texmf-dist/fonts/type1/public/amsfonts/cm/cmssbx10.pfb></Users/katerynakaplunova/Library/TinyTeX/texmf-dist/fonts/type1/public/amsfonts/cm/cmsy10.pfb></Users/katerynakaplunova/Library/TinyTeX/texmf-dist/fonts/type1/public/amsfonts/cm/cmsy8.pfb></Users/katerynakaplunova/Library/TinyTeX/texmf-dist/fonts/type1/public/amsfonts/cm/cmti10.pfb></Users/katerynakaplunova/Library/TinyTeX/texmf-dist/fonts/type1/public/amsfonts/cm/cmtt10.pfb></Users/katerynakaplunova/Library/TinyTeX/texmf-dist/fonts/type1/public/amsfonts/symbols/msbm10.pfb>
Output written on main.pdf (42 pages, 7828024 bytes).
PDF statistics:
 730 PDF objects out of 1000 (max. 8388607)
 589 compressed objects within 6 object streams
 143 named destinations out of 1000 (max. 500000)
 296 words of extra memory for PDF output out of 10000 (max. 10000000)

